this is another person login and clone.
